// Jest Snapshot v1, https://goo.gl/fbAQLP

exports[`Game renders correctly 1`] = `
<Fragment>
  <p>
    You are not pressing down arrow
  </p>
  <p>
    You are not pressing left arrow
  </p>
  <canvas
    height={600}
    style={
      Object {
        "border": "2px solid black",
      }
    }
    width={300}
  />
</Fragment>
`;
