// Jest Snapshot v1, https://goo.gl/fbAQLP

exports[`InputsListener renders correctly 1`] = `
<Fragment>
  <ReactHotkeys
    keyName="down"
    onKeyDown={[Function]}
    onKeyUp={[Function]}
  />
  <ReactHotkeys
    keyName="up"
    onKeyDown={[Function]}
    onKeyUp={[Function]}
  />
  <ReactHotkeys
    keyName="right"
    onKeyDown={[Function]}
    onKeyUp={[Function]}
  />
  <ReactHotkeys
    keyName="left"
    onKeyDown={[Function]}
    onKeyUp={[Function]}
  />
  <ContextProvider
    value={
      Object {
        "pressedDown": false,
        "pressedLeft": false,
        "pressedRight": false,
        "pressedUp": false,
      }
    }
  >
    <div>
      test
    </div>
  </ContextProvider>
</Fragment>
`;
